// Jest Snapshot v1, https://goo.gl/fbAQLP

exports[`authors query fetches an author 1`] = `
Object {
  "author": Object {
    "bio": "John Ronald Reuel Tolkien was an English writer, poet, philologist, and academic. He was the author of the high fantasy works The Hobbit and The Lord of the Rings.",
    "createdAt": "2019-12-31T14:30:00.000Z",
    "id": "MS1BdXRob3I=",
    "name": "J. R. R. Tolkien",
    "photo": Object {
      "url": "https://res.cloudinary.com/lucassus/image/upload/bookshelf/images/book-authors/j-k-rowling.jpg",
    },
    "updatedAt": "2020-07-19T13:20:00.000Z",
  },
}
`;

exports[`authors query fetches authors along with books 1`] = `
Object {
  "authors": Array [
    Object {
      "books": Array [
        Object {
          "description": "Pariatur laboriosam aliquid velit molestiae voluptates exercitationem reiciendis.",
          "id": "My1Cb29r",
          "title": "Dolore Tenetur Voluptatem Nostrum",
        },
        Object {
          "description": "Ipsam exercitationem sequi est minus consequatur minus fugit.",
          "id": "Mi1Cb29r",
          "title": "Qui Adipisci Qui",
        },
        Object {
          "description": "Laudantium molestias ut.",
          "id": "MS1Cb29r",
          "title": "Veniam",
        },
      ],
      "id": "MS1BdXRob3I=",
      "name": "Rosalind Effertz",
    },
    Object {
      "books": Array [
        Object {
          "description": "Quidem sequi reiciendis eum repudiandae consectetur.",
          "id": "NS1Cb29r",
          "title": "Alias",
        },
        Object {
          "description": "Maxime officiis quis occaecati architecto placeat omnis sit.",
          "id": "NC1Cb29r",
          "title": "Ut Unde Facere Esse",
        },
      ],
      "id": "Mi1BdXRob3I=",
      "name": "Araceli McCullough",
    },
  ],
}
`;
