// Jest Snapshot v1, https://goo.gl/fbAQLP

exports[`user query 1`] = `
Object {
  "avatar": Object {
    "color": "red",
    "image": Object {
      "url": "https://res.cloudinary.com/lucassus/image/upload/bookshelf/images/avatars/w2.png",
    },
  },
  "borrowedBookCopies": Array [
    Object {
      "book": Object {
        "id": "My1Cb29r",
        "title": "Alias",
      },
      "borrower": Object {
        "id": "MS1Vc2Vy",
        "name": "Mariana Christiansen",
      },
    },
  ],
  "info": "Velit quaerat ab veniam.",
  "name": "Mariana Christiansen",
  "ownedBookCopies": Array [
    Object {
      "book": Object {
        "id": "MS1Cb29r",
        "title": "Minus",
      },
      "owner": Object {
        "id": "MS1Vc2Vy",
        "name": "Mariana Christiansen",
      },
    },
    Object {
      "book": Object {
        "id": "Mi1Cb29r",
        "title": "Earum Quaerat Architecto",
      },
      "owner": Object {
        "id": "MS1Vc2Vy",
        "name": "Mariana Christiansen",
      },
    },
  ],
}
`;
