// Jest Snapshot v1, https://goo.gl/fbAQLP

exports[`fetching resource fetches Author 1`] = `
Object {
  "__typename": "Author",
  "bio": "Magni qui placeat hic suscipit perferendis et velit.",
  "id": "MS1BdXRob3I=",
  "name": "Rosalind Effertz",
}
`;

exports[`fetching resource fetches Book 1`] = `
Object {
  "__typename": "Book",
  "description": "Laudantium molestias ut.",
  "id": "MS1Cb29r",
  "title": "Veniam",
}
`;
