// Jest Snapshot v1, https://goo.gl/fbAQLP

exports[`fetches a user 1`] = `
Object {
  "avatar": Object {
    "color": "green",
    "image": Object {
      "url": "http://examples.devmastery.pl/assets/images/avatars/m10.png",
    },
  },
  "borrowedBookCopies": Array [
    Object {
      "book": Object {
        "id": "MTktQm9vaw==",
        "title": "The tower of the swallow",
      },
      "borrower": Object {
        "email": "bob@example.com",
        "id": "Mi1Vc2Vy",
        "name": "Bob",
      },
    },
  ],
  "email": "bob@example.com",
  "info": "Twitter fan. Social media expert. Hardcore explorer. Communicator. Amateur coffee lover.",
  "name": "Bob",
  "ownedBookCopies": Array [
    Object {
      "book": Object {
        "id": "MTYtQm9vaw==",
        "title": "Blood of Elves",
      },
    },
    Object {
      "book": Object {
        "id": "MjAtQm9vaw==",
        "title": "The lady of the lake",
      },
    },
  ],
}
`;

exports[`fetches users 1`] = `
Array [
  Object {
    "avatar": Object {
      "color": "yellow",
      "image": Object {
        "url": "http://examples.devmastery.pl/assets/images/avatars/w13.png",
      },
    },
    "email": "alice@example.com",
    "info": "Food scholar. Incurable tv fanatic. Reader. Typical zombie buff. Gamer. Lifelong creator. Certified organizer.",
    "name": "Alice",
  },
  Object {
    "avatar": Object {
      "color": "green",
      "image": Object {
        "url": "http://examples.devmastery.pl/assets/images/avatars/m10.png",
      },
    },
    "email": "bob@example.com",
    "info": "Twitter fan. Social media expert. Hardcore explorer. Communicator. Amateur coffee lover.",
    "name": "Bob",
  },
  Object {
    "avatar": Object {
      "color": "red",
      "image": Object {
        "url": "http://examples.devmastery.pl/assets/images/avatars/w2.png",
      },
    },
    "email": "celine@example.com",
    "info": "Wannabe pop culture specialist. Tv scholar. Lifelong social media practitioner. Music geek. Falls down a lot.",
    "name": "Celine",
  },
  Object {
    "avatar": Object {
      "color": "blue",
      "image": Object {
        "url": "http://examples.devmastery.pl/assets/images/avatars/m25.png",
      },
    },
    "email": "dan@example.com",
    "info": "Professional problem solver. Devoted explorer. Gamer. Unapologetic bacon guru.",
    "name": "Dan",
  },
]
`;
