// Jest Snapshot v1, https://goo.gl/fbAQLP

exports[`authors query 1`] = `
Object {
  "authors": Array [
    Object {
      "books": Array [
        Object {
          "description": "Laborum cupiditate consequatur et voluptatem.",
          "id": "Mi1Cb29r",
          "title": "Et",
        },
        Object {
          "description": "Aut consequatur incidunt blanditiis sunt.",
          "id": "My1Cb29r",
          "title": "In Eos Quae",
        },
        Object {
          "description": "Voluptatem inventore ut quisquam fugiat itaque non alias.",
          "id": "MS1Cb29r",
          "title": "Suscipit Animi Qui Impedit",
        },
      ],
      "id": "MS1BdXRob3I=",
      "name": "Lorene Deckow",
    },
    Object {
      "books": Array [
        Object {
          "description": "Fugiat aperiam quia voluptates reprehenderit quaerat.",
          "id": "NS1Cb29r",
          "title": "Est",
        },
        Object {
          "description": "Delectus error consequatur eum corporis perferendis aspernatur incidunt nobis et.",
          "id": "NC1Cb29r",
          "title": "Hic",
        },
      ],
      "id": "Mi1BdXRob3I=",
      "name": "Armando Wyman V",
    },
  ],
}
`;
